Configuration 1,0.0424,0.0406,0.0432,0.0455,0.0434,0.0514,0.0463,0.044,0.0436,0.0473,0.045,0.045,0.0401,0.0524,0.041,0.0417,0.0476,0.0423,0.0431,0.0437,0.0441,0.0435,0.0458,0.042,0.043,0.0466,0.047,0.045,0.0429,0.0405,0.0464,0.0445,0.0433,0.0395,0.0444,0.0433,0.0459,0.0402,0.0452,0.0435,0.0454,0.0474,0.0416,0.0532,0.0468,0.0422,0.0397,0.0443,0.0469,0.046,0.0443,0.0469,0.0398,0.0457,0.0491,0.0431,0.0463,0.0425,0.048,0.0459,0.0435,0.0503,0.044,0.0463,0.0444,0.0483,0.0444,0.0435,0.0441,0.0431,0.0432,0.0419,0.0456,0.0578,0.0467,0.044,0.0469,0.041,0.0424,0.0437,0.045,0.0438,0.0507,0.0461,0.0463,0.0457,0.0462,0.0424,0.0409,0.0467,0.0467,0.0457,0.0438,0.0412,0.0433,0.0447,0.0443,0.0421,0.0479,0.0415
Configuration 2,0.0506,0.0497,0.0566,0.0533,0.055,0.0496,0.0527,0.047,0.0525,0.0525,0.052,0.0493,0.0514,0.0535,0.0532,0.0532,0.049,0.0476,0.0464,0.0566,0.0503,0.0526,0.0507,0.047,0.0517,0.0519,0.0518,0.0484,0.0499,0.0496,0.0491,0.0495,0.0494,0.0576,0.0499,0.0531,0.0557,0.0486,0.048,0.0463,0.0474,0.055,0.0495,0.0459,0.0523,0.0498,0.0553,0.0517,0.0476,0.0487,0.0506,0.0481,0.0531,0.047,0.0529,0.0464,0.05,0.051,0.0508,0.0514,0.0498,0.0473,0.0495,0.0593,0.0519,0.0514,0.0491,0.0461,0.0495,0.0516,0.0472,0.0519,0.0547,0.0509,0.0522,0.0522,0.0494,0.0494,0.0472,0.0477,0.0492,0.0496,0.0516,0.0623,0.0564,0.051,0.0532,0.0469,0.0508,0.0524,0.0484,0.0483,0.0569,0.0493,0.0498,0.0473,0.0455,0.0489,0.0464,0.0481
Configuration 3,0.0464,0.0467,0.0522,0.049,0.0499,0.0518,0.0584,0.0514,0.0484,0.049,0.0534,0.0539,0.0615,0.0551,0.0481,0.0506,0.0602,0.0517,0.0518,0.0492,0.0473,0.0558,0.0472,0.0449,0.05,0.0556,0.0544,0.0518,0.05,0.0532,0.0493,0.0525,0.0504,0.0511,0.0564,0.0598,0.0579,0.0566,0.0447,0.0538,0.0465,0.0517,0.0515,0.0504,0.0533,0.0598,0.0537,0.062,0.0574,0.0588,0.0566,0.0534,0.0476,0.0586,0.0533,0.051,0.0497,0.0486,0.0491,0.049,0.0491,0.0519,0.0494,0.047,0.0493,0.0564,0.062,0.0657,0.0506,0.051,0.0526,0.0481,0.0498,0.0494,0.0514,0.0455,0.048,0.0578,0.0669,0.0477,0.0524,0.0558,0.0484,0.0572,0.056,0.06,0.0506,0.0485,0.0517,0.0565,0.0574,0.0508,0.051,0.0508,0.0557,0.0553,0.0544,0.0525,0.0567,0.0502
Configuration 4,0.0478,0.048,0.0519,0.0485,0.0524,0.0513,0.0569,0.0521,0.0489,0.0496,0.0535,0.0536,0.0586,0.0546,0.0478,0.0492,0.0615,0.0524,0.0522,0.0489,0.0469,0.0541,0.0457,0.045,0.0497,0.0558,0.0542,0.0515,0.05,0.0556,0.0502,0.051,0.0516,0.0515,0.0557,0.0591,0.0574,0.0576,0.0454,0.0535,0.0466,0.0526,0.0521,0.0511,0.0555,0.059,0.0532,0.0622,0.0608,0.0574,0.056,0.0545,0.0491,0.0606,0.0533,0.0516,0.0508,0.0481,0.0503,0.049,0.0496,0.0525,0.0487,0.0472,0.0499,0.0546,0.0636,0.069,0.0496,0.0521,0.0511,0.0486,0.0508,0.0479,0.0531,0.0461,0.0488,0.0574,0.0691,0.0496,0.053,0.056,0.0482,0.0559,0.0575,0.0612,0.0521,0.0477,0.0515,0.0569,0.06,0.0499,0.0503,0.0505,0.0557,0.0545,0.0564,0.0528,0.0556,0.0508